src/components/discover/DiscoverPlansView.tsx(1440,25): error TS17002: Expected corresponding JSX closing tag for 'div'.
src/components/discover/DiscoverPlansView.tsx(1441,30): error TS1381: Unexpected token. Did you mean `{'}'}` or `&rbrace;`?
src/components/discover/DiscoverPlansView.tsx(1447,21): error TS17002: Expected corresponding JSX closing tag for 'Card'.
src/components/discover/DiscoverPlansView.tsx(1460,19): error TS17002: Expected corresponding JSX closing tag for 'HoverCardTrigger'.
src/components/discover/DiscoverPlansView.tsx(1461,17): error TS17002: Expected corresponding JSX closing tag for 'HoverCard'.
src/components/discover/DiscoverPlansView.tsx(1463,23): error TS1005: ')' expected.
src/components/discover/DiscoverPlansView.tsx(1499,21): error TS1128: Declaration or statement expected.
src/components/discover/DiscoverPlansView.tsx(1500,19): error TS1005: ')' expected.
src/components/discover/DiscoverPlansView.tsx(1500,21): error TS17002: Expected corresponding JSX closing tag for 'div'.
src/components/discover/DiscoverPlansView.tsx(1501,17): error TS1005: ')' expected.
src/components/discover/DiscoverPlansView.tsx(1525,15): error TS1128: Declaration or statement expected.
src/components/discover/DiscoverPlansView.tsx(1526,13): error TS1109: Expression expected.
src/components/discover/DiscoverPlansView.tsx(1527,11): error TS1109: Expression expected.
src/components/discover/DiscoverPlansView.tsx(1528,2): error TS1128: Declaration or statement expected.
src/components/discover/DiscoverPlansView.tsx(1528,3): error TS1128: Declaration or statement expected.
src/components/discover/DiscoverPlansView.tsx(1529,7): error TS1128: Declaration or statement expected.
src/components/discover/DiscoverPlansView.tsx(1530,5): error TS1109: Expression expected.
src/components/discover/DiscoverPlansView.tsx(1531,3): error TS1109: Expression expected.
src/components/discover/DiscoverPlansView.tsx(1532,1): error TS1128: Declaration or statement expected.
src/components/discover/DiscoverPlansView.tsx(1970,5): error TS17002: Expected corresponding JSX closing tag for 'DialogContent'.
src/components/discover/DiscoverPlansView.tsx(1971,3): error TS17002: Expected corresponding JSX closing tag for 'Dialog'.
src/components/discover/DiscoverPlansView.tsx(1972,1): error TS1128: Declaration or statement expected.
src/components/discover/DiscoverPlansView.tsx(1972,11): error TS1109: Expression expected.
